2026-09-23 10:00:00.000 [INFO] handled GET /orders request_id=req-100 in 20ms
2026-09-23 10:00:01.000 [INFO] handled GET /orders request_id=req-101 in 21ms
2026-09-23 10:00:02.000 [INFO] handled GET /orders request_id=req-102 in 22ms
2026-09-23 10:00:03.000 [INFO] handled GET /orders request_id=req-103 in 23ms
2026-09-23 10:00:04.000 [INFO] handled GET /orders request_id=req-104 in 24ms
2026-09-23 10:00:05.000 [INFO] handled GET /orders request_id=req-105 in 25ms
2026-09-23 10:00:06.000 [INFO] handled GET /orders request_id=req-106 in 26ms
2026-09-23 10:00:07.000 [INFO] handled GET /orders request_id=req-100 in 27ms
2026-09-23 10:00:08.000 [INFO] handled GET /orders request_id=req-101 in 28ms
2026-09-23 10:00:09.000 [INFO] handled GET /orders request_id=req-102 in 20ms
2026-09-23 10:00:10.000 [INFO] handled GET /orders request_id=req-103 in 21ms
2026-09-23 10:00:11.000 [INFO] handled GET /orders request_id=req-104 in 22ms
2026-09-23 10:00:12.000 [INFO] handled GET /orders request_id=req-105 in 23ms
2026-09-23 10:00:13.000 [INFO] handled GET /orders request_id=req-106 in 24ms
2026-09-23 10:00:14.000 [INFO] handled GET /orders request_id=req-100 in 25ms
2026-09-23 10:00:15.000 [INFO] handled GET /orders request_id=req-101 in 26ms
2026-09-23 10:00:16.000 [INFO] handled GET /orders request_id=req-102 in 27ms
2026-09-23 10:00:17.000 [INFO] handled GET /orders request_id=req-103 in 28ms
2026-09-23 10:00:18.000 [INFO] handled GET /orders request_id=req-104 in 20ms
2026-09-23 10:00:19.000 [INFO] handled GET /orders request_id=req-105 in 21ms
2026-09-23 10:00:20.000 [INFO] handled GET /orders request_id=req-106 in 22ms
2026-09-23 10:00:21.000 [INFO] handled GET /orders request_id=req-100 in 23ms
2026-09-23 10:00:22.000 [INFO] handled GET /orders request_id=req-101 in 24ms
2026-09-23 10:00:23.000 [INFO] handled GET /orders request_id=req-102 in 25ms
2026-09-23 10:00:24.000 [INFO] handled GET /orders request_id=req-103 in 26ms
2026-09-23 10:00:24.500 [ERROR] checkout failed request_id=req-103
System.InvalidOperationException: Order not found
   at Shop.Orders.Load(Int32 id)
   at Shop.Api.Get()
2026-09-23 10:00:25.000 [INFO] handled GET /orders request_id=req-104 in 27ms
2026-09-23 10:00:26.000 [INFO] handled GET /orders request_id=req-105 in 28ms
2026-09-23 10:00:27.000 [INFO] handled GET /orders request_id=req-106 in 20ms
2026-09-23 10:00:28.000 [INFO] handled GET /orders request_id=req-100 in 21ms
2026-09-23 10:00:29.000 [INFO] handled GET /orders request_id=req-101 in 22ms
2026-09-23 10:00:30.000 [INFO] handled GET /orders request_id=req-102 in 23ms
2026-09-23 10:00:31.000 [INFO] handled GET /orders request_id=req-103 in 24ms
2026-09-23 10:00:32.000 [INFO] handled GET /orders request_id=req-104 in 25ms
2026-09-23 10:00:33.000 [INFO] handled GET /orders request_id=req-105 in 26ms
2026-09-23 10:00:34.000 [INFO] handled GET /orders request_id=req-106 in 27ms
2026-09-23 10:00:35.000 [INFO] handled GET /orders request_id=req-100 in 28ms
2026-09-23 10:00:36.000 [INFO] handled GET /orders request_id=req-101 in 20ms
2026-09-23 10:00:37.000 [INFO] handled GET /orders request_id=req-102 in 21ms
2026-09-23 10:00:38.000 [INFO] handled GET /orders request_id=req-103 in 22ms
2026-09-23 10:00:39.000 [INFO] handled GET /orders request_id=req-104 in 23ms
2026-09-23 10:00:40.000 [INFO] handled GET /orders request_id=req-105 in 24ms
2026-09-23 10:00:41.000 [INFO] handled GET /orders request_id=req-106 in 25ms
2026-09-23 10:00:42.000 [INFO] handled GET /orders request_id=req-100 in 26ms
2026-09-23 10:00:43.000 [INFO] handled GET /orders request_id=req-101 in 27ms
2026-09-23 10:00:44.000 [INFO] handled GET /orders request_id=req-102 in 28ms
2026-09-23 10:00:45.000 [INFO] handled GET /orders request_id=req-103 in 20ms
2026-09-23 10:00:46.000 [INFO] handled GET /orders request_id=req-104 in 21ms
2026-09-23 10:00:47.000 [INFO] handled GET /orders request_id=req-105 in 22ms
2026-09-23 10:00:48.000 [INFO] handled GET /orders request_id=req-106 in 23ms
2026-09-23 10:00:49.000 [INFO] handled GET /orders request_id=req-100 in 24ms
2026-09-23 10:00:49.500 [ERROR] checkout failed request_id=req-100
System.TimeoutException: Payment gateway did not answer
   at Shop.Payments.Charge(Decimal amount)
   at Shop.Api.Checkout()
2026-09-23 10:00:50.000 [INFO] handled GET /orders request_id=req-101 in 25ms
2026-09-23 10:00:51.000 [INFO] handled GET /orders request_id=req-102 in 26ms
2026-09-23 10:00:52.000 [INFO] handled GET /orders request_id=req-103 in 27ms
2026-09-23 10:00:53.000 [INFO] handled GET /orders request_id=req-104 in 28ms
2026-09-23 10:00:54.000 [INFO] handled GET /orders request_id=req-105 in 20ms
2026-09-23 10:00:55.000 [INFO] handled GET /orders request_id=req-106 in 21ms
2026-09-23 10:00:56.000 [INFO] handled GET /orders request_id=req-100 in 22ms
2026-09-23 10:00:57.000 [INFO] handled GET /orders request_id=req-101 in 23ms
2026-09-23 10:00:58.000 [INFO] handled GET /orders request_id=req-102 in 24ms
2026-09-23 10:00:59.000 [INFO] handled GET /orders request_id=req-103 in 25ms
2026-09-23 10:01:00.000 [INFO] handled GET /orders request_id=req-104 in 26ms
2026-09-23 10:01:01.000 [INFO] handled GET /orders request_id=req-105 in 27ms
2026-09-23 10:01:02.000 [INFO] handled GET /orders request_id=req-106 in 28ms
2026-09-23 10:01:03.000 [INFO] handled GET /orders request_id=req-100 in 20ms
2026-09-23 10:01:04.000 [INFO] handled GET /orders request_id=req-101 in 21ms
2026-09-23 10:01:05.000 [INFO] handled GET /orders request_id=req-102 in 22ms
2026-09-23 10:01:06.000 [INFO] handled GET /orders request_id=req-103 in 23ms
2026-09-23 10:01:07.000 [INFO] handled GET /orders request_id=req-104 in 24ms
2026-09-23 10:01:08.000 [INFO] handled GET /orders request_id=req-105 in 25ms
2026-09-23 10:01:09.000 [INFO] handled GET /orders request_id=req-106 in 26ms
2026-09-23 10:01:10.000 [INFO] handled GET /orders request_id=req-100 in 27ms
2026-09-23 10:01:11.000 [INFO] handled GET /orders request_id=req-101 in 28ms
2026-09-23 10:01:12.000 [INFO] handled GET /orders request_id=req-102 in 20ms
2026-09-23 10:01:13.000 [INFO] handled GET /orders request_id=req-103 in 21ms
2026-09-23 10:01:14.000 [INFO] handled GET /orders request_id=req-104 in 22ms
2026-09-23 10:01:14.500 [ERROR] checkout failed request_id=req-104
System.InvalidOperationException: Order not found
   at Shop.Orders.Load(Int32 id)
   at Shop.Api.Get()
2026-09-23 10:01:15.000 [INFO] handled GET /orders request_id=req-105 in 23ms
2026-09-23 10:01:16.000 [INFO] handled GET /orders request_id=req-106 in 24ms
2026-09-23 10:01:17.000 [INFO] handled GET /orders request_id=req-100 in 25ms
2026-09-23 10:01:18.000 [INFO] handled GET /orders request_id=req-101 in 26ms
2026-09-23 10:01:19.000 [INFO] handled GET /orders request_id=req-102 in 27ms
2026-09-23 10:01:20.000 [INFO] handled GET /orders request_id=req-103 in 28ms
2026-09-23 10:01:21.000 [INFO] handled GET /orders request_id=req-104 in 20ms
2026-09-23 10:01:22.000 [INFO] handled GET /orders request_id=req-105 in 21ms
2026-09-23 10:01:23.000 [INFO] handled GET /orders request_id=req-106 in 22ms
2026-09-23 10:01:24.000 [INFO] handled GET /orders request_id=req-100 in 23ms
2026-09-23 10:01:25.000 [INFO] handled GET /orders request_id=req-101 in 24ms
2026-09-23 10:01:26.000 [INFO] handled GET /orders request_id=req-102 in 25ms
2026-09-23 10:01:27.000 [INFO] handled GET /orders request_id=req-103 in 26ms
2026-09-23 10:01:28.000 [INFO] handled GET /orders request_id=req-104 in 27ms
2026-09-23 10:01:29.000 [INFO] handled GET /orders request_id=req-105 in 28ms
2026-09-23 10:01:30.000 [INFO] handled GET /orders request_id=req-106 in 20ms
2026-09-23 10:01:31.000 [INFO] handled GET /orders request_id=req-100 in 21ms
2026-09-23 10:01:32.000 [INFO] handled GET /orders request_id=req-101 in 22ms
2026-09-23 10:01:33.000 [INFO] handled GET /orders request_id=req-102 in 23ms
2026-09-23 10:01:34.000 [INFO] handled GET /orders request_id=req-103 in 24ms
2026-09-23 10:01:35.000 [INFO] handled GET /orders request_id=req-104 in 25ms
2026-09-23 10:01:36.000 [INFO] handled GET /orders request_id=req-105 in 26ms
2026-09-23 10:01:37.000 [INFO] handled GET /orders request_id=req-106 in 27ms
2026-09-23 10:01:38.000 [INFO] handled GET /orders request_id=req-100 in 28ms
2026-09-23 10:01:39.000 [INFO] handled GET /orders request_id=req-101 in 20ms
2026-09-23 10:01:39.500 [ERROR] checkout failed request_id=req-101
System.TimeoutException: Payment gateway did not answer
   at Shop.Payments.Charge(Decimal amount)
   at Shop.Api.Checkout()
2026-09-23 10:01:40.000 [INFO] handled GET /orders request_id=req-102 in 21ms
2026-09-23 10:01:41.000 [INFO] handled GET /orders request_id=req-103 in 22ms
2026-09-23 10:01:42.000 [INFO] handled GET /orders request_id=req-104 in 23ms
2026-09-23 10:01:43.000 [INFO] handled GET /orders request_id=req-105 in 24ms
2026-09-23 10:01:44.000 [INFO] handled GET /orders request_id=req-106 in 25ms
2026-09-23 10:01:45.000 [INFO] handled GET /orders request_id=req-100 in 26ms
2026-09-23 10:01:46.000 [INFO] handled GET /orders request_id=req-101 in 27ms
2026-09-23 10:01:47.000 [INFO] handled GET /orders request_id=req-102 in 28ms
2026-09-23 10:01:48.000 [INFO] handled GET /orders request_id=req-103 in 20ms
2026-09-23 10:01:49.000 [INFO] handled GET /orders request_id=req-104 in 21ms
2026-09-23 10:01:50.000 [INFO] handled GET /orders request_id=req-105 in 22ms
2026-09-23 10:01:51.000 [INFO] handled GET /orders request_id=req-106 in 23ms
2026-09-23 10:01:52.000 [INFO] handled GET /orders request_id=req-100 in 24ms
2026-09-23 10:01:53.000 [INFO] handled GET /orders request_id=req-101 in 25ms
2026-09-23 10:01:54.000 [INFO] handled GET /orders request_id=req-102 in 26ms
2026-09-23 10:01:55.000 [INFO] handled GET /orders request_id=req-103 in 27ms
2026-09-23 10:01:56.000 [INFO] handled GET /orders request_id=req-104 in 28ms
2026-09-23 10:01:57.000 [INFO] handled GET /orders request_id=req-105 in 20ms
2026-09-23 10:01:58.000 [INFO] handled GET /orders request_id=req-106 in 21ms
2026-09-23 10:01:59.000 [INFO] handled GET /orders request_id=req-100 in 22ms
2026-09-23 10:02:00.000 [INFO] handled GET /orders request_id=req-101 in 23ms
2026-09-23 10:02:01.000 [INFO] handled GET /orders request_id=req-102 in 24ms
2026-09-23 10:02:02.000 [INFO] handled GET /orders request_id=req-103 in 25ms
2026-09-23 10:02:03.000 [INFO] handled GET /orders request_id=req-104 in 26ms
2026-09-23 10:02:04.000 [INFO] handled GET /orders request_id=req-105 in 27ms
2026-09-23 10:02:04.500 [ERROR] checkout failed request_id=req-105
System.InvalidOperationException: Order not found
   at Shop.Orders.Load(Int32 id)
   at Shop.Api.Get()
2026-09-23 10:02:05.000 [INFO] handled GET /orders request_id=req-106 in 28ms
2026-09-23 10:02:06.000 [INFO] handled GET /orders request_id=req-100 in 20ms
2026-09-23 10:02:07.000 [INFO] handled GET /orders request_id=req-101 in 21ms
2026-09-23 10:02:08.000 [INFO] handled GET /orders request_id=req-102 in 22ms
2026-09-23 10:02:09.000 [INFO] handled GET /orders request_id=req-103 in 23ms
2026-09-23 10:02:10.000 [INFO] handled GET /orders request_id=req-104 in 24ms
2026-09-23 10:02:11.000 [INFO] handled GET /orders request_id=req-105 in 25ms
2026-09-23 10:02:12.000 [INFO] handled GET /orders request_id=req-106 in 26ms
2026-09-23 10:02:13.000 [INFO] handled GET /orders request_id=req-100 in 27ms
2026-09-23 10:02:14.000 [INFO] handled GET /orders request_id=req-101 in 28ms
2026-09-23 10:02:15.000 [INFO] handled GET /orders request_id=req-102 in 20ms
2026-09-23 10:02:16.000 [INFO] handled GET /orders request_id=req-103 in 21ms
2026-09-23 10:02:17.000 [INFO] handled GET /orders request_id=req-104 in 22ms
2026-09-23 10:02:18.000 [INFO] handled GET /orders request_id=req-105 in 23ms
2026-09-23 10:02:19.000 [INFO] handled GET /orders request_id=req-106 in 24ms
2026-09-23 10:02:20.000 [INFO] handled GET /orders request_id=req-100 in 25ms
2026-09-23 10:02:21.000 [INFO] handled GET /orders request_id=req-101 in 26ms
2026-09-23 10:02:22.000 [INFO] handled GET /orders request_id=req-102 in 27ms
2026-09-23 10:02:23.000 [INFO] handled GET /orders request_id=req-103 in 28ms
2026-09-23 10:02:24.000 [INFO] handled GET /orders request_id=req-104 in 20ms
2026-09-23 10:02:25.000 [INFO] handled GET /orders request_id=req-105 in 21ms
2026-09-23 10:02:26.000 [INFO] handled GET /orders request_id=req-106 in 22ms
2026-09-23 10:02:27.000 [INFO] handled GET /orders request_id=req-100 in 23ms
2026-09-23 10:02:28.000 [INFO] handled GET /orders request_id=req-101 in 24ms
2026-09-23 10:02:29.000 [INFO] handled GET /orders request_id=req-102 in 25ms
2026-09-23 10:02:29.500 [ERROR] checkout failed request_id=req-102
System.TimeoutException: Payment gateway did not answer
   at Shop.Payments.Charge(Decimal amount)
   at Shop.Api.Checkout()
2026-09-23 10:02:30.000 [INFO] handled GET /orders request_id=req-103 in 26ms
2026-09-23 10:02:31.000 [INFO] handled GET /orders request_id=req-104 in 27ms
2026-09-23 10:02:32.000 [INFO] handled GET /orders request_id=req-105 in 28ms
2026-09-23 10:02:33.000 [INFO] handled GET /orders request_id=req-106 in 20ms
2026-09-23 10:02:34.000 [INFO] handled GET /orders request_id=req-100 in 21ms
2026-09-23 10:02:35.000 [INFO] handled GET /orders request_id=req-101 in 22ms
2026-09-23 10:02:36.000 [INFO] handled GET /orders request_id=req-102 in 23ms
2026-09-23 10:02:37.000 [INFO] handled GET /orders request_id=req-103 in 24ms
2026-09-23 10:02:38.000 [INFO] handled GET /orders request_id=req-104 in 25ms
2026-09-23 10:02:39.000 [INFO] handled GET /orders request_id=req-105 in 26ms
2026-09-23 10:02:40.000 [INFO] handled GET /orders request_id=req-106 in 27ms
2026-09-23 10:02:41.000 [INFO] handled GET /orders request_id=req-100 in 28ms
2026-09-23 10:02:42.000 [INFO] handled GET /orders request_id=req-101 in 20ms
2026-09-23 10:02:43.000 [INFO] handled GET /orders request_id=req-102 in 21ms
2026-09-23 10:02:44.000 [INFO] handled GET /orders request_id=req-103 in 22ms
2026-09-23 10:02:45.000 [INFO] handled GET /orders request_id=req-104 in 23ms
2026-09-23 10:02:46.000 [INFO] handled GET /orders request_id=req-105 in 24ms
2026-09-23 10:02:47.000 [INFO] handled GET /orders request_id=req-106 in 25ms
2026-09-23 10:02:48.000 [INFO] handled GET /orders request_id=req-100 in 26ms
2026-09-23 10:02:49.000 [INFO] handled GET /orders request_id=req-101 in 27ms
2026-09-23 10:02:50.000 [INFO] handled GET /orders request_id=req-102 in 28ms
2026-09-23 10:02:51.000 [INFO] handled GET /orders request_id=req-103 in 20ms
2026-09-23 10:02:52.000 [INFO] handled GET /orders request_id=req-104 in 21ms
2026-09-23 10:02:53.000 [INFO] handled GET /orders request_id=req-105 in 22ms
2026-09-23 10:02:54.000 [INFO] handled GET /orders request_id=req-106 in 23ms
2026-09-23 10:02:54.500 [ERROR] checkout failed request_id=req-106
System.InvalidOperationException: Order not found
   at Shop.Orders.Load(Int32 id)
   at Shop.Api.Get()
2026-09-23 10:02:55.000 [INFO] handled GET /orders request_id=req-100 in 24ms
2026-09-23 10:02:56.000 [INFO] handled GET /orders request_id=req-101 in 25ms
2026-09-23 10:02:57.000 [INFO] handled GET /orders request_id=req-102 in 26ms
2026-09-23 10:02:58.000 [INFO] handled GET /orders request_id=req-103 in 27ms
2026-09-23 10:02:59.000 [INFO] handled GET /orders request_id=req-104 in 28ms
